18:41:34 кандидатів 1178 з них w: з penalties.csv 363
18:41:34 0 tm:102572 Юрій Паньків 0
18:41:34 50 tm:289060 Олег Мозіль 2
18:41:34 100 tm:59022 Євген Гальчук 7
18:41:34 150 tm:952943 Яків Кінарейкін 11
18:41:34 200 w:1975-02-03:stoiko Дмитро Стойко 31
18:41:34 250 tm:108866 Дмитро Поспєлов 75
18:41:34 300 tm:178862 Ніка Сандохадзе 133
18:41:34 350 tm:299973 Тім Холл 143
18:41:34 400 tm:396394 Валерій Бондар 147
18:41:34 450 tm:511668 Назар Виздрик 244
18:41:34 500 tm:59434 Артем Путівцев 246
18:41:34 550 tm:807784 Жослен Беїратче 285
18:41:34 600 w:1961-07-29:tarasenko Віталій Тарасенко 289
18:41:34 650 w:1970-03-07:vetrov Олег Вєтров 289
18:41:34 700 w:1973-10-20:boitsan Олександр Бойцан 302
18:43:08 750 w:1977-12-10:datsenko Сергій Даценко 314
18:45:10   помилка 93078 curl: (18) Transferred a partial file
18:45:40 800 w:1980-08-19:stoian Максим Стоян 317
18:47:31 850 tm:1065123 Віталій Катрич 319
18:49:25 900 tm:204040 Александру Влад 323
18:51:23 950 tm:294730 Богдан Михайличенко 330
18:53:19 1000 tm:42621 Віталі Бордіян 348
18:55:20 1050 tm:54419 Ежидіо 357
18:57:16 1100 tm:719652 Олександр Мартинюк 371
18:59:13 1150 w:1975-02-10:dmitrulin Юрій Дмитрулін 375
19:00:19 готово {'ok': 1178} рядків 375 невдалих 0
